This file contains any messages produced by compilers while
running configure, to aid debugging if configure makes a mistake.

It was created by fdk-aac configure 2.0.3, which was
generated by GNU Autoconf 2.69.  Invocation command line was

  $ ./configure 

## --------- ##
## Platform. ##
## --------- ##

hostname = gnuradio
uname -m = x86_64
uname -r = 5.15.0-139-generic
uname -s = Linux
uname -v = #149~20.04.1-Ubuntu SMP Wed Apr 16 08:29:56 UTC 2025

/usr/bin/uname -p = x86_64
/bin/uname -X     = unknown

/bin/arch              = x86_64
/usr/bin/arch -k       = unknown
/usr/convex/getsysinfo = unknown
/usr/bin/hostinfo      = unknown
/bin/machine           = unknown
/usr/bin/oslevel       = unknown
/bin/universe          = unknown

PATH: /home/gnuradio/.local/bin
PATH: /usr/local/sbin
PATH: /usr/local/bin
PATH: /usr/sbin
PATH: /usr/bin
PATH: /sbin
PATH: /bin
PATH: /usr/games
PATH: /usr/local/games
PATH: /snap/bin


## ----------- ##
## Core tests. ##
## ----------- ##

configure:2317: checking for a BSD-compatible install
configure:2385: result: /usr/bin/install -c
configure:2396: checking whether build environment is sane
configure:2451: result: yes
configure:2600: checking for a thread-safe mkdir -p
configure:2639: result: /usr/bin/mkdir -p
configure:2646: checking for gawk
configure:2676: result: no
configure:2646: checking for mawk
configure:2662: found /usr/bin/mawk
configure:2673: result: mawk
configure:2684: checking whether make sets $(MAKE)
configure:2706: result: yes
configure:2735: checking whether make supports nested variables
configure:2752: result: yes
configure:2841: checking whether UID '1000' is supported by ustar format
configure:2844: result: yes
configure:2851: checking whether GID '1000' is supported by ustar format
configure:2854: result: yes
configure:2862: checking how to create a ustar tar archive
configure:2873: tar --version
tar (GNU tar) 1.30
Copyright (C) 2017 Free Software Foundation, Inc.
License GPLv3+: GNU GPL version 3 or later <https://gnu.org/licenses/gpl.html>.
This is free software: you are free to change and redistribute it.
There is NO WARRANTY, to the extent permitted by law.

Written by John Gilmore and Jay Fenlason.
configure:2876: $? = 0
configure:2916: tardir=conftest.dir && eval tar --format=ustar -chf - "$tardir" >conftest.tar
configure:2919: $? = 0
configure:2923: tar -xf - <conftest.tar
configure:2926: $? = 0
configure:2928: cat conftest.dir/file
GrepMe
configure:2931: $? = 0
configure:2944: result: gnutar
configure:3005: checking whether make supports nested variables
configure:3022: result: yes
configure:3099: checking for gcc
configure:3115: found /usr/bin/gcc
configure:3126: result: gcc
configure:3355: checking for C compiler version
configure:3364: gcc --version >&5
gcc (Ubuntu 9.4.0-1ubuntu1~20.04.2) 9.4.0
Copyright (C) 2019 Free Software Foundation, Inc.
This is free software; see the source for copying conditions.  There is NO
warranty; not even for MERCHANTABILITY or FITNESS FOR A PARTICULAR PURPOSE.

configure:3375: $? = 0
configure:3364: gcc -v >&5
Using built-in specs.
COLLECT_GCC=gcc
COLLECT_LTO_WRAPPER=/usr/lib/gcc/x86_64-linux-gnu/9/lto-wrapper
OFFLOAD_TARGET_NAMES=nvptx-none:hsa
OFFLOAD_TARGET_DEFAULT=1
Target: x86_64-linux-gnu
Configured with: ../src/configure -v --with-pkgversion='Ubuntu 9.4.0-1ubuntu1~20.04.2' --with-bugurl=file:///usr/share/doc/gcc-9/README.Bugs --enable-languages=c,ada,c++,go,brig,d,fortran,objc,obj-c++,gm2 --prefix=/usr --with-gcc-major-version-only --program-suffix=-9 --program-prefix=x86_64-linux-gnu- --enable-shared --enable-linker-build-id --libexecdir=/usr/lib --without-included-gettext --enable-threads=posix --libdir=/usr/lib --enable-nls --enable-clocale=gnu --enable-libstdcxx-debug --enable-libstdcxx-time=yes --with-default-libstdcxx-abi=new --enable-gnu-unique-object --disable-vtable-verify --enable-plugin --enable-default-pie --with-system-zlib --with-target-system-zlib=auto --enable-objc-gc=auto --enable-multiarch --disable-werror --with-arch-32=i686 --with-abi=m64 --with-multilib-list=m32,m64,mx32 --enable-multilib --with-tune=generic --enable-offload-targets=nvptx-none=/build/gcc-9-9QDOt0/gcc-9-9.4.0/debian/tmp-nvptx/usr,hsa --without-cuda-driver --enable-checking=release --build=x86_64-linux-gnu --host=x86_64-linux-gnu --target=x86_64-linux-gnu
Thread model: posix
gcc version 9.4.0 (Ubuntu 9.4.0-1ubuntu1~20.04.2) 
configure:3375: $? = 0
configure:3364: gcc -V >&5
gcc: error: unrecognized command line option '-V'
gcc: fatal error: no input files
compilation terminated.
configure:3375: $? = 1
configure:3364: gcc -qversion >&5
gcc: error: unrecognized command line option '-qversion'; did you mean '--version'?
gcc: fatal error: no input files
compilation terminated.
configure:3375: $? = 1
configure:3395: checking whether the C compiler works
configure:3417: gcc    conftest.c  >&5
configure:3421: $? = 0
configure:3469: result: yes
configure:3472: checking for C compiler default output file name
configure:3474: result: a.out
configure:3480: checking for suffix of executables
configure:3487: gcc -o conftest    conftest.c  >&5
configure:3491: $? = 0
configure:3513: result: 
configure:3535: checking whether we are cross compiling
configure:3543: gcc -o conftest    conftest.c  >&5
configure:3547: $? = 0
configure:3554: ./conftest
configure:3558: $? = 0
configure:3546: result: no
configure:3551: checking for suffix of object files
configure:3573: gcc -c   conftest.c >&5
configure:3577: $? = 0
configure:3598: result: o
configure:3602: checking whether we are using the GNU C compiler
configure:3621: gcc -c   conftest.c >&5
configure:3621: $? = 0
configure:3630: result: yes
configure:3639: checking whether gcc accepts -g
configure:3659: gcc -c -g  conftest.c >&5
configure:3659: $? = 0
configure:3700: result: yes
configure:3717: checking for gcc option to accept ISO C89
configure:3780: gcc  -c -g -O2  conftest.c >&5
configure:3780: $? = 0
configure:3793: result: none needed
configure:3818: checking whether gcc understands -c and -o together
configure:3840: gcc -c conftest.c -o conftest2.o
configure:3843: $? = 0
configure:3840: gcc -c conftest.c -o conftest2.o
configure:3843: $? = 0
configure:3855: result: yes
configure:3875: checking whether make supports the include directive
configure:3890: make -f confmf.GNU && cat confinc.out
this is the am__doit target
configure:3893: $? = 0
configure:3912: result: yes (GNU style)
configure:3937: checking dependency style of gcc
configure:4048: result: gcc3
configure:4121: checking for g++
configure:4137: found /usr/bin/g++
configure:4148: result: g++
configure:4175: checking for C++ compiler version
configure:4184: g++ --version >&5
g++ (Ubuntu 9.4.0-1ubuntu1~20.04.2) 9.4.0
Copyright (C) 2019 Free Software Foundation, Inc.
This is free software; see the source for copying conditions.  There is NO
warranty; not even for MERCHANTABILITY or FITNESS FOR A PARTICULAR PURPOSE.

configure:4195: $? = 0
configure:4184: g++ -v >&5
Using built-in specs.
COLLECT_GCC=g++
COLLECT_LTO_WRAPPER=/usr/lib/gcc/x86_64-linux-gnu/9/lto-wrapper
OFFLOAD_TARGET_NAMES=nvptx-none:hsa
OFFLOAD_TARGET_DEFAULT=1
Target: x86_64-linux-gnu
Configured with: ../src/configure -v --with-pkgversion='Ubuntu 9.4.0-1ubuntu1~20.04.2' --with-bugurl=file:///usr/share/doc/gcc-9/README.Bugs --enable-languages=c,ada,c++,go,brig,d,fortran,objc,obj-c++,gm2 --prefix=/usr --with-gcc-major-version-only --program-suffix=-9 --program-prefix=x86_64-linux-gnu- --enable-shared --enable-linker-build-id --libexecdir=/usr/lib --without-included-gettext --enable-threads=posix --libdir=/usr/lib --enable-nls --enable-clocale=gnu --enable-libstdcxx-debug --enable-libstdcxx-time=yes --with-default-libstdcxx-abi=new --enable-gnu-unique-object --disable-vtable-verify --enable-plugin --enable-default-pie --with-system-zlib --with-target-system-zlib=auto --enable-objc-gc=auto --enable-multiarch --disable-werror --with-arch-32=i686 --with-abi=m64 --with-multilib-list=m32,m64,mx32 --enable-multilib --with-tune=generic --enable-offload-targets=nvptx-none=/build/gcc-9-9QDOt0/gcc-9-9.4.0/debian/tmp-nvptx/usr,hsa --without-cuda-driver --enable-checking=release --build=x86_64-linux-gnu --host=x86_64-linux-gnu --target=x86_64-linux-gnu
Thread model: posix
gcc version 9.4.0 (Ubuntu 9.4.0-1ubuntu1~20.04.2) 
configure:4195: $? = 0
configure:4184: g++ -V >&5
g++: error: unrecognized command line option '-V'
g++: fatal error: no input files
compilation terminated.
configure:4195: $? = 1
configure:4184: g++ -qversion >&5
g++: error: unrecognized command line option '-qversion'; did you mean '--version'?
g++: fatal error: no input files
compilation terminated.
configure:4195: $? = 1
configure:4199: checking whether we are using the GNU C++ compiler
configure:4218: g++ -c   conftest.cpp >&5
configure:4218: $? = 0
configure:4227: result: yes
configure:4236: checking whether g++ accepts -g
configure:4256: g++ -c -g  conftest.cpp >&5
configure:4256: $? = 0
configure:4297: result: yes
configure:4322: checking dependency style of g++
configure:4433: result: gcc3
configure:4477: checking build system type
configure:4491: result: x86_64-pc-linux-gnu
configure:4511: checking host system type
configure:4524: result: x86_64-pc-linux-gnu
configure:4565: checking how to print strings
configure:4592: result: printf
configure:4613: checking for a sed that does not truncate output
configure:4677: result: /usr/bin/sed
configure:4695: checking for grep that handles long lines and -e
configure:4753: result: /usr/bin/grep
configure:4758: checking for egrep
configure:4820: result: /usr/bin/grep -E
configure:4825: checking for fgrep
configure:4887: result: /usr/bin/grep -F
configure:4922: checking for ld used by gcc
configure:4989: result: /usr/bin/ld
configure:4996: checking if the linker (/usr/bin/ld) is GNU ld
configure:5011: result: yes
configure:5023: checking for BSD- or MS-compatible name lister (nm)
configure:5077: result: /usr/bin/nm -B
configure:5207: checking the name lister (/usr/bin/nm -B) interface
configure:5214: gcc -c -g -O2  conftest.c >&5
configure:5217: /usr/bin/nm -B "conftest.o"
configure:5220: output
0000000000000000 B some_variable
configure:5221: result: BSD nm
configure:5224: checking whether ln -s works
configure:5228: result: yes
configure:5236: checking the maximum length of command line arguments
configure:5367: result: 1572864
configure:5415: checking how to convert x86_64-pc-linux-gnu file names to x86_64-pc-linux-gnu format
configure:5455: result: func_convert_file_noop
configure:5462: checking how to convert x86_64-pc-linux-gnu file names to toolchain format
configure:5482: result: func_convert_file_noop
configure:5489: checking for /usr/bin/ld option to reload object files
configure:5496: result: -r
configure:5570: checking for objdump
configure:5586: found /usr/bin/objdump
configure:5597: result: objdump
configure:5629: checking how to recognize dependent libraries
configure:5829: result: pass_all
configure:5914: checking for dlltool
configure:5944: result: no
configure:5974: checking how to associate runtime and link libraries
configure:6001: result: printf %s\n
configure:6062: checking for ar
configure:6078: found /usr/bin/ar
configure:6089: result: ar
configure:6126: checking for archiver @FILE support
configure:6143: gcc -c -g -O2  conftest.c >&5
configure:6143: $? = 0
configure:6146: ar cr libconftest.a @conftest.lst >&5
configure:6149: $? = 0
configure:6154: ar cr libconftest.a @conftest.lst >&5
ar: conftest.o: No such file or directory
configure:6157: $? = 1
configure:6156: result: @
configure:6214: checking for strip
configure:6230: found /usr/bin/strip
configure:6241: result: strip
configure:6313: checking for ranlib
configure:6329: found /usr/bin/ranlib
configure:6340: result: ranlib
configure:6442: checking command to parse /usr/bin/nm -B output from gcc object
configure:6595: gcc -c -g -O2  conftest.c >&5
configure:6598: $? = 0
configure:6602: /usr/bin/nm -B conftest.o | sed -n -e 's/^.*[	 ]\([ABCDGIRSTW][ABCDGIRSTW]*\)[	 ][	 ]*\([_A-Za-z][_A-Za-z0-9]*\)$/\1 \2 \2/p' | sed '/ __gnu_lto/d' > conftest.nm
configure:6668: gcc -o conftest -g -O2   conftest.c conftstm.o >&5
configure:6671: $? = 0
configure:6709: result: ok
configure:6756: checking for sysroot
configure:6786: result: no
configure:6793: checking for a working dd
configure:6831: result: /usr/bin/dd
configure:6835: checking how to truncate binary pipes
configure:6850: result: /usr/bin/dd bs=4096 count=1
configure:6986: gcc -c -g -O2  conftest.c >&5
configure:6989: $? = 0
configure:7179: checking for mt
configure:7195: found /usr/bin/mt
configure:7206: result: mt
configure:7229: checking if mt is a manifest tool
configure:7235: mt '-?'
configure:7243: result: no
configure:7920: checking how to run the C preprocessor
configure:7951: gcc -E  conftest.c
configure:7951: $? = 0
configure:7965: gcc -E  conftest.c
conftest.c:11:10: fatal error: ac_nonexistent.h: No such file or directory
   11 | #include <ac_nonexistent.h>
      |          ^~~~~~~~~~~~~~~~~~
compilation terminated.
configure:7965: $? = 1
configure: failed program was:
| /* confdefs.h */
| #define PACKAGE_NAME "fdk-aac"
| #define PACKAGE_TARNAME "fdk-aac"
| #define PACKAGE_VERSION "2.0.3"
| #define PACKAGE_STRING "fdk-aac 2.0.3"
| #define PACKAGE_BUGREPORT "http://sourceforge.net/projects/opencore-amr/"
| #define PACKAGE_URL ""
| #define PACKAGE "fdk-aac"
| #define VERSION "2.0.3"
| /* end confdefs.h.  */
| #include <ac_nonexistent.h>
configure:7990: result: gcc -E
configure:8010: gcc -E  conftest.c
configure:8010: $? = 0
configure:8024: gcc -E  conftest.c
conftest.c:11:10: fatal error: ac_nonexistent.h: No such file or directory
   11 | #include <ac_nonexistent.h>
      |          ^~~~~~~~~~~~~~~~~~
compilation terminated.
configure:8024: $? = 1
configure: failed program was:
| /* confdefs.h */
| #define PACKAGE_NAME "fdk-aac"
| #define PACKAGE_TARNAME "fdk-aac"
| #define PACKAGE_VERSION "2.0.3"
| #define PACKAGE_STRING "fdk-aac 2.0.3"
| #define PACKAGE_BUGREPORT "http://sourceforge.net/projects/opencore-amr/"
| #define PACKAGE_URL ""
| #define PACKAGE "fdk-aac"
| #define VERSION "2.0.3"
| /* end confdefs.h.  */
| #include <ac_nonexistent.h>
configure:8053: checking for ANSI C header files
configure:8073: gcc -c -g -O2  conftest.c >&5
configure:8073: $? = 0
configure:8146: gcc -o conftest -g -O2   conftest.c  >&5
configure:8146: $? = 0
configure:8146: ./conftest
configure:8146: $? = 0
configure:8157: result: yes
configure:8170: checking for sys/types.h
configure:8170: gcc -c -g -O2  conftest.c >&5
configure:8170: $? = 0
configure:8170: result: yes
configure:8170: checking for sys/stat.h
configure:8170: gcc -c -g -O2  conftest.c >&5
configure:8170: $? = 0
configure:8170: result: yes
configure:8170: checking for stdlib.h
configure:8170: gcc -c -g -O2  conftest.c >&5
configure:8170: $? = 0
configure:8170: result: yes
configure:8170: checking for string.h
configure:8170: gcc -c -g -O2  conftest.c >&5
configure:8170: $? = 0
configure:8170: result: yes
configure:8170: checking for memory.h
configure:8170: gcc -c -g -O2  conftest.c >&5
configure:8170: $? = 0
configure:8170: result: yes
configure:8170: checking for strings.h
configure:8170: gcc -c -g -O2  conftest.c >&5
configure:8170: $? = 0
configure:8170: result: yes
configure:8170: checking for inttypes.h
configure:8170: gcc -c -g -O2  conftest.c >&5
configure:8170: $? = 0
configure:8170: result: yes
configure:8170: checking for stdint.h
configure:8170: gcc -c -g -O2  conftest.c >&5
configure:8170: $? = 0
configure:8170: result: yes
configure:8170: checking for unistd.h
configure:8170: gcc -c -g -O2  conftest.c >&5
configure:8170: $? = 0
configure:8170: result: yes
configure:8184: checking for dlfcn.h
configure:8184: gcc -c -g -O2  conftest.c >&5
configure:8184: $? = 0
configure:8184: result: yes
configure:8451: checking for objdir
configure:8466: result: .libs
configure:8730: checking if gcc supports -fno-rtti -fno-exceptions
configure:8748: gcc -c -g -O2  -fno-rtti -fno-exceptions conftest.c >&5
cc1: warning: command line option '-fno-rtti' is valid for C++/D/ObjC++ but not for C
configure:8752: $? = 0
configure:8765: result: no
configure:9129: checking for gcc option to produce PIC
configure:9136: result: -fPIC -DPIC
configure:9144: checking if gcc PIC flag -fPIC -DPIC works
configure:9162: gcc -c -g -O2  -fPIC -DPIC -DPIC conftest.c >&5
configure:9166: $? = 0
configure:9179: result: yes
configure:9208: checking if gcc static flag -static works
configure:9236: result: yes
configure:9251: checking if gcc supports -c -o file.o
configure:9272: gcc -c -g -O2  -o out/conftest2.o conftest.c >&5
configure:9276: $? = 0
configure:9298: result: yes
configure:9306: checking if gcc supports -c -o file.o
configure:9353: result: yes
configure:9386: checking whether the gcc linker (/usr/bin/ld -m elf_x86_64) supports shared libraries
configure:10649: result: yes
configure:10686: checking whether -lc should be explicitly linked in
configure:10694: gcc -c -g -O2  conftest.c >&5
configure:10697: $? = 0
configure:10712: gcc -shared  -fPIC -DPIC conftest.o  -v -Wl,-soname -Wl,conftest -o conftest 2\>\&1 \| /usr/bin/grep  -lc  \>/dev/null 2\>\&1
configure:10715: $? = 0
configure:10729: result: no
configure:10889: checking dynamic linker characteristics
configure:11470: gcc -o conftest -g -O2   -Wl,-rpath -Wl,/foo conftest.c  >&5
configure:11470: $? = 0
configure:11719: result: GNU/Linux ld.so
configure:11841: checking how to hardcode library paths into programs
configure:11866: result: immediate
configure:12414: checking whether stripping libraries is possible
configure:12419: result: yes
configure:12454: checking if libtool supports shared libraries
configure:12456: result: yes
configure:12459: checking whether to build shared libraries
configure:12484: result: yes
configure:12487: checking whether to build static libraries
configure:12491: result: yes
configure:9290: checking how to run the C++ preprocessor
configure:9317: g++ -E  conftest.cpp
configure:9317: $? = 0
configure:9331: g++ -E  conftest.cpp
conftest.cpp:23:10: fatal error: ac_nonexistent.h: No such file or directory
   23 | #include <ac_nonexistent.h>
      |          ^~~~~~~~~~~~~~~~~~
compilation terminated.
configure:9331: $? = 1
configure: failed program was:
| /* confdefs.h */
| #define PACKAGE_NAME "fdk-aac"
| #define PACKAGE_TARNAME "fdk-aac"
| #define PACKAGE_VERSION "2.0.3"
| #define PACKAGE_STRING "fdk-aac 2.0.3"
| #define PACKAGE_BUGREPORT "http://sourceforge.net/projects/opencore-amr/"
| #define PACKAGE_URL ""
| #define PACKAGE "fdk-aac"
| #define VERSION "2.0.3"
| #define STDC_HEADERS 1
| #define HAVE_SYS_TYPES_H 1
| #define HAVE_SYS_STAT_H 1
| #define HAVE_STDLIB_H 1
| #define HAVE_STRING_H 1
| #define HAVE_MEMORY_H 1
| #define HAVE_STRINGS_H 1
| #define HAVE_INTTYPES_H 1
| #define HAVE_STDINT_H 1
| #define HAVE_UNISTD_H 1
| #define HAVE_DLFCN_H 1
| #define LT_OBJDIR ".libs/"
| /* end confdefs.h.  */
| #include <ac_nonexistent.h>
configure:9356: result: g++ -E
configure:9376: g++ -E  conftest.cpp
configure:9376: $? = 0
configure:9390: g++ -E  conftest.cpp
conftest.cpp:23:10: fatal error: ac_nonexistent.h: No such file or directory
   23 | #include <ac_nonexistent.h>
      |          ^~~~~~~~~~~~~~~~~~
compilation terminated.
configure:9390: $? = 1
configure: failed program was:
| /* confdefs.h */
| #define PACKAGE_NAME "fdk-aac"
| #define PACKAGE_TARNAME "fdk-aac"
| #define PACKAGE_VERSION "2.0.3"
| #define PACKAGE_STRING "fdk-aac 2.0.3"
| #define PACKAGE_BUGREPORT "http://sourceforge.net/projects/opencore-amr/"
| #define PACKAGE_URL ""
| #define PACKAGE "fdk-aac"
| #define VERSION "2.0.3"
| #define STDC_HEADERS 1
| #define HAVE_SYS_TYPES_H 1
| #define HAVE_SYS_STAT_H 1
| #define HAVE_STDLIB_H 1
| #define HAVE_STRING_H 1
| #define HAVE_MEMORY_H 1
| #define HAVE_STRINGS_H 1
| #define HAVE_INTTYPES_H 1
| #define HAVE_STDINT_H 1
| #define HAVE_UNISTD_H 1
| #define HAVE_DLFCN_H 1
| #define LT_OBJDIR ".libs/"
| /* end confdefs.h.  */
| #include <ac_nonexistent.h>
configure:9552: checking for ld used by g++
configure:9619: result: /usr/bin/ld -m elf_x86_64
configure:9626: checking if the linker (/usr/bin/ld -m elf_x86_64) is GNU ld
configure:9641: result: yes
configure:9696: checking whether the g++ linker (/usr/bin/ld -m elf_x86_64) supports shared libraries
configure:10769: result: yes
configure:10805: g++ -c -g -O2  conftest.cpp >&5
configure:10808: $? = 0
configure:11289: checking for g++ option to produce PIC
configure:11296: result: -fPIC -DPIC
configure:11304: checking if g++ PIC flag -fPIC -DPIC works
configure:11322: g++ -c -g -O2  -fPIC -DPIC -DPIC conftest.cpp >&5
configure:11326: $? = 0
configure:11339: result: yes
configure:11362: checking if g++ static flag -static works
configure:11390: result: yes
configure:11402: checking if g++ supports -c -o file.o
configure:11423: g++ -c -g -O2  -o out/conftest2.o conftest.cpp >&5
configure:11427: $? = 0
configure:11449: result: yes
configure:11454: checking if g++ supports -c -o file.o
configure:11501: result: yes
configure:11531: checking whether the g++ linker (/usr/bin/ld -m elf_x86_64) supports shared libraries
configure:11574: result: yes
configure:11715: checking dynamic linker characteristics
configure:12472: result: GNU/Linux ld.so
configure:12537: checking how to hardcode library paths into programs
configure:12562: result: immediate
configure:11455: checking for library containing sin
configure:11486: gcc -o conftest -g -O2   conftest.c  >&5
conftest.c:30:6: warning: conflicting types for built-in function 'sin'; expected 'double(double)' [-Wbuiltin-declaration-mismatch]
   30 | char sin ();
      |      ^~~
conftest.c:1:1: note: 'sin' is declared in header '<math.h>'
    1 | /* confdefs.h */
/usr/bin/ld: /tmp/ccANtTDg.o: in function `main':
/home/gnuradio/fdk-aac-2.0.3-hdc/conftest.c:34: undefined reference to `sin'
collect2: error: ld returned 1 exit status
configure:11486: $? = 1
configure: failed program was:
| /* confdefs.h */
| #define PACKAGE_NAME "fdk-aac"
| #define PACKAGE_TARNAME "fdk-aac"
| #define PACKAGE_VERSION "2.0.3"
| #define PACKAGE_STRING "fdk-aac 2.0.3"
| #define PACKAGE_BUGREPORT "http://sourceforge.net/projects/opencore-amr/"
| #define PACKAGE_URL ""
| #define PACKAGE "fdk-aac"
| #define VERSION "2.0.3"
| #define STDC_HEADERS 1
| #define HAVE_SYS_TYPES_H 1
| #define HAVE_SYS_STAT_H 1
| #define HAVE_STDLIB_H 1
| #define HAVE_STRING_H 1
| #define HAVE_MEMORY_H 1
| #define HAVE_STRINGS_H 1
| #define HAVE_INTTYPES_H 1
| #define HAVE_STDINT_H 1
| #define HAVE_UNISTD_H 1
| #define HAVE_DLFCN_H 1
| #define LT_OBJDIR ".libs/"
| /* end confdefs.h.  */
| 
| /* Override any GCC internal prototype to avoid an error.
|    Use char because int might match the return type of a GCC
|    builtin and then its argument prototype would still apply.  */
| #ifdef __cplusplus
| extern "C"
| #endif
| char sin ();
| int
| main ()
| {
| return sin ();
|   ;
|   return 0;
| }
configure:11486: gcc -o conftest -g -O2   conftest.c -lm   >&5
conftest.c:30:6: warning: conflicting types for built-in function 'sin'; expected 'double(double)' [-Wbuiltin-declaration-mismatch]
   30 | char sin ();
      |      ^~~
conftest.c:1:1: note: 'sin' is declared in header '<math.h>'
    1 | /* confdefs.h */
configure:11486: $? = 0
configure:11503: result: -lm
configure:11662: checking that generated files are newer than configure
configure:11668: result: done
configure:11699: creating ./config.status

## ---------------------- ##
## Running config.status. ##
## ---------------------- ##

This file was extended by fdk-aac config.status 2.0.3, which was
generated by GNU Autoconf 2.69.  Invocation command line was

  CONFIG_FILES    = 
  CONFIG_HEADERS  = 
  CONFIG_LINKS    = 
  CONFIG_COMMANDS = 
  $ ./config.status 

on gnuradio

config.status:1072: creating Makefile
config.status:1072: creating fdk-aac.pc
config.status:1244: executing depfiles commands
config.status:1321: cd .       && sed -e '/# am--include-marker/d' Makefile         | make -f - am--depfiles
make: Nothing to be done for 'am--depfiles'.
config.status:1326: $? = 0
config.status:1244: executing libtool commands

## ---------------- ##
## Cache variables. ##
## ---------------- ##

ac_cv_build=x86_64-pc-linux-gnu
ac_cv_c_compiler_gnu=yes
ac_cv_cxx_compiler_gnu=yes
ac_cv_env_CCC_set=
ac_cv_env_CCC_value=
ac_cv_env_CC_set=
ac_cv_env_CC_value=
ac_cv_env_CFLAGS_set=
ac_cv_env_CFLAGS_value=
ac_cv_env_CPPFLAGS_set=
ac_cv_env_CPPFLAGS_value=
ac_cv_env_CPP_set=
ac_cv_env_CPP_value=
ac_cv_env_CXXCPP_set=
ac_cv_env_CXXCPP_value=
ac_cv_env_CXXFLAGS_set=
ac_cv_env_CXXFLAGS_value=
ac_cv_env_CXX_set=
ac_cv_env_CXX_value=
ac_cv_env_LDFLAGS_set=
ac_cv_env_LDFLAGS_value=
ac_cv_env_LIBS_set=
ac_cv_env_LIBS_value=
ac_cv_env_LT_SYS_LIBRARY_PATH_set=
ac_cv_env_LT_SYS_LIBRARY_PATH_value=
ac_cv_env_build_alias_set=
ac_cv_env_build_alias_value=
ac_cv_env_host_alias_set=
ac_cv_env_host_alias_value=
ac_cv_env_target_alias_set=
ac_cv_env_target_alias_value=
ac_cv_header_dlfcn_h=yes
ac_cv_header_inttypes_h=yes
ac_cv_header_memory_h=yes
ac_cv_header_stdc=yes
ac_cv_header_stdint_h=yes
ac_cv_header_stdlib_h=yes
ac_cv_header_string_h=yes
ac_cv_header_strings_h=yes
ac_cv_header_sys_stat_h=yes
ac_cv_header_sys_types_h=yes
ac_cv_header_unistd_h=yes
ac_cv_host=x86_64-pc-linux-gnu
ac_cv_objext=o
ac_cv_path_EGREP='/usr/bin/grep -E'
ac_cv_path_FGREP='/usr/bin/grep -F'
ac_cv_path_GREP=/usr/bin/grep
ac_cv_path_SED=/usr/bin/sed
ac_cv_path_install='/usr/bin/install -c'
ac_cv_path_lt_DD=/usr/bin/dd
ac_cv_path_mkdir=/usr/bin/mkdir
ac_cv_prog_AWK=mawk
ac_cv_prog_CPP='gcc -E'
ac_cv_prog_CXXCPP='g++ -E'
ac_cv_prog_ac_ct_AR=ar
ac_cv_prog_ac_ct_CC=gcc
ac_cv_prog_ac_ct_CXX=g++
ac_cv_prog_ac_ct_MANIFEST_TOOL=mt
ac_cv_prog_ac_ct_OBJDUMP=objdump
ac_cv_prog_ac_ct_RANLIB=ranlib
ac_cv_prog_ac_ct_STRIP=strip
ac_cv_prog_cc_c89=
ac_cv_prog_cc_g=yes
ac_cv_prog_cxx_g=yes
ac_cv_prog_make_make_set=yes
ac_cv_search_sin=-lm
am_cv_CC_dependencies_compiler_type=gcc3
am_cv_CXX_dependencies_compiler_type=gcc3
am_cv_make_support_nested_variables=yes
am_cv_prog_cc_c_o=yes
am_cv_prog_tar_ustar=gnutar
lt_cv_ar_at_file=@
lt_cv_archive_cmds_need_lc=no
lt_cv_deplibs_check_method=pass_all
lt_cv_file_magic_cmd='$MAGIC_CMD'
lt_cv_file_magic_test_file=
lt_cv_ld_reload_flag=-r
lt_cv_nm_interface='BSD nm'
lt_cv_objdir=.libs
lt_cv_path_LD=/usr/bin/ld
lt_cv_path_LDCXX='/usr/bin/ld -m elf_x86_64'
lt_cv_path_NM='/usr/bin/nm -B'
lt_cv_path_mainfest_tool=no
lt_cv_prog_compiler_c_o=yes
lt_cv_prog_compiler_c_o_CXX=yes
lt_cv_prog_compiler_pic='-fPIC -DPIC'
lt_cv_prog_compiler_pic_CXX='-fPIC -DPIC'
lt_cv_prog_compiler_pic_works=yes
lt_cv_prog_compiler_pic_works_CXX=yes
lt_cv_prog_compiler_rtti_exceptions=no
lt_cv_prog_compiler_static_works=yes
lt_cv_prog_compiler_static_works_CXX=yes
lt_cv_prog_gnu_ld=yes
lt_cv_prog_gnu_ldcxx=yes
lt_cv_sharedlib_from_linklib_cmd='printf %s\n'
lt_cv_shlibpath_overrides_runpath=yes
lt_cv_sys_global_symbol_pipe='sed -n -e '\''s/^.*[	 ]\([ABCDGIRSTW][ABCDGIRSTW]*\)[	 ][	 ]*\([_A-Za-z][_A-Za-z0-9]*\)$/\1 \2 \2/p'\'' | sed '\''/ __gnu_lto/d'\'''
lt_cv_sys_global_symbol_to_c_name_address='sed -n -e '\''s/^: \(.*\) .*$/  {"\1", (void *) 0},/p'\'' -e '\''s/^[ABCDGIRSTW][ABCDGIRSTW]* .* \(.*\)$/  {"\1", (void *) \&\1},/p'\'''
lt_cv_sys_global_symbol_to_c_name_address_lib_prefix='sed -n -e '\''s/^: \(.*\) .*$/  {"\1", (void *) 0},/p'\'' -e '\''s/^[ABCDGIRSTW][ABCDGIRSTW]* .* \(lib.*\)$/  {"\1", (void *) \&\1},/p'\'' -e '\''s/^[ABCDGIRSTW][ABCDGIRSTW]* .* \(.*\)$/  {"lib\1", (void *) \&\1},/p'\'''
lt_cv_sys_global_symbol_to_cdecl='sed -n -e '\''s/^T .* \(.*\)$/extern int \1();/p'\'' -e '\''s/^[ABCDGIRSTW][ABCDGIRSTW]* .* \(.*\)$/extern char \1;/p'\'''
lt_cv_sys_global_symbol_to_import=
lt_cv_sys_max_cmd_len=1572864
lt_cv_to_host_file_cmd=func_convert_file_noop
lt_cv_to_tool_file_cmd=func_convert_file_noop
lt_cv_truncate_bin='/usr/bin/dd bs=4096 count=1'

## ----------------- ##
## Output variables. ##
## ----------------- ##

ACLOCAL='${SHELL} /home/gnuradio/fdk-aac-2.0.3-hdc/missing aclocal-1.16'
AMDEPBACKSLASH='\'
AMDEP_FALSE='#'
AMDEP_TRUE=''
AMTAR='$${TAR-tar}'
AM_BACKSLASH='\'
AM_DEFAULT_V='$(AM_DEFAULT_VERBOSITY)'
AM_DEFAULT_VERBOSITY='0'
AM_V='$(V)'
AR='ar'
AUTOCONF='${SHELL} /home/gnuradio/fdk-aac-2.0.3-hdc/missing autoconf'
AUTOHEADER='${SHELL} /home/gnuradio/fdk-aac-2.0.3-hdc/missing autoheader'
AUTOMAKE='${SHELL} /home/gnuradio/fdk-aac-2.0.3-hdc/missing automake-1.16'
AWK='mawk'
CC='gcc'
CCDEPMODE='depmode=gcc3'
CFLAGS='-g -O2'
CPP='gcc -E'
CPPFLAGS=''
CXX='g++'
CXXCPP='g++ -E'
CXXDEPMODE='depmode=gcc3'
CXXFLAGS='-g -O2'
CYGPATH_W='echo'
DEFS='-DPACKAGE_NAME=\"fdk-aac\" -DPACKAGE_TARNAME=\"fdk-aac\" -DPACKAGE_VERSION=\"2.0.3\" -DPACKAGE_STRING=\"fdk-aac\ 2.0.3\" -DPACKAGE_BUGREPORT=\"http://sourceforge.net/projects/opencore-amr/\" -DPACKAGE_URL=\"\" -DPACKAGE=\"fdk-aac\" -DVERSION=\"2.0.3\" -DSTDC_HEADERS=1 -DHAVE_SYS_TYPES_H=1 -DHAVE_SYS_STAT_H=1 -DHAVE_STDLIB_H=1 -DHAVE_STRING_H=1 -DHAVE_MEMORY_H=1 -DHAVE_STRINGS_H=1 -DHAVE_INTTYPES_H=1 -DHAVE_STDINT_H=1 -DHAVE_UNISTD_H=1 -DHAVE_DLFCN_H=1 -DLT_OBJDIR=\".libs/\"'
DEPDIR='.deps'
DLLTOOL='false'
DSYMUTIL=''
DUMPBIN=''
ECHO_C=''
ECHO_N='-n'
ECHO_T=''
EGREP='/usr/bin/grep -E'
EXAMPLE_FALSE=''
EXAMPLE_TRUE='#'
EXEEXT=''
FDK_AAC_VERSION='2:3:0'
FGREP='/usr/bin/grep -F'
GREP='/usr/bin/grep'
INSTALL_DATA='${INSTALL} -m 644'
INSTALL_PROGRAM='${INSTALL}'
INSTALL_SCRIPT='${INSTALL}'
INSTALL_STRIP_PROGRAM='$(install_sh) -c -s'
LD='/usr/bin/ld -m elf_x86_64'
LDFLAGS=''
LIBOBJS=''
LIBS='-lm '
LIBS_PRIVATE='-lm '
LIBS_PUBLIC=''
LIBTOOL='$(SHELL) $(top_builddir)/libtool'
LIPO=''
LN_S='ln -s'
LTLIBOBJS=''
LT_SYS_LIBRARY_PATH=''
MAKEINFO='${SHELL} /home/gnuradio/fdk-aac-2.0.3-hdc/missing makeinfo'
MANIFEST_TOOL=':'
MKDIR_P='/usr/bin/mkdir -p'
NM='/usr/bin/nm -B'
NMEDIT=''
OBJDUMP='objdump'
OBJEXT='o'
OTOOL64=''
OTOOL=''
PACKAGE='fdk-aac'
PACKAGE_BUGREPORT='http://sourceforge.net/projects/opencore-amr/'
PACKAGE_NAME='fdk-aac'
PACKAGE_STRING='fdk-aac 2.0.3'
PACKAGE_TARNAME='fdk-aac'
PACKAGE_URL=''
PACKAGE_VERSION='2.0.3'
PATH_SEPARATOR=':'
RANLIB='ranlib'
SED='/usr/bin/sed'
SET_MAKE=''
SHELL='/bin/bash'
STRIP='strip'
VERSION='2.0.3'
ac_ct_AR='ar'
ac_ct_CC='gcc'
ac_ct_CXX='g++'
ac_ct_DUMPBIN=''
am__EXEEXT_FALSE=''
am__EXEEXT_TRUE='#'
am__fastdepCC_FALSE='#'
am__fastdepCC_TRUE=''
am__fastdepCXX_FALSE='#'
am__fastdepCXX_TRUE=''
am__include='include'
am__isrc=''
am__leading_dot='.'
am__nodep='_no'
am__quote=''
am__tar='tar --format=ustar -chf - "$$tardir"'
am__untar='tar -xf -'
bindir='${exec_prefix}/bin'
build='x86_64-pc-linux-gnu'
build_alias=''
build_cpu='x86_64'
build_os='linux-gnu'
build_vendor='pc'
datadir='${datarootdir}'
datarootdir='${prefix}/share'
docdir='${datarootdir}/doc/${PACKAGE_TARNAME}'
dvidir='${docdir}'
exec_prefix='${prefix}'
host='x86_64-pc-linux-gnu'
host_alias=''
host_cpu='x86_64'
host_os='linux-gnu'
host_vendor='pc'
htmldir='${docdir}'
includedir='${prefix}/include'
infodir='${datarootdir}/info'
install_sh='${SHELL} /home/gnuradio/fdk-aac-2.0.3-hdc/install-sh'
libdir='${exec_prefix}/lib'
libexecdir='${exec_prefix}/libexec'
localedir='${datarootdir}/locale'
localstatedir='${prefix}/var'
mandir='${datarootdir}/man'
mkdir_p='$(MKDIR_P)'
oldincludedir='/usr/include'
pdfdir='${docdir}'
prefix='/usr/local'
program_transform_name='s,x,x,'
psdir='${docdir}'
runstatedir='${localstatedir}/run'
sbindir='${exec_prefix}/sbin'
sharedstatedir='${prefix}/com'
sysconfdir='${prefix}/etc'
target_alias=''

## ----------- ##
## confdefs.h. ##
## ----------- ##

/* confdefs.h */
#define PACKAGE_NAME "fdk-aac"
#define PACKAGE_TARNAME "fdk-aac"
#define PACKAGE_VERSION "2.0.3"
#define PACKAGE_STRING "fdk-aac 2.0.3"
#define PACKAGE_BUGREPORT "http://sourceforge.net/projects/opencore-amr/"
#define PACKAGE_URL ""
#define PACKAGE "fdk-aac"
#define VERSION "2.0.3"
#define STDC_HEADERS 1
#define HAVE_SYS_TYPES_H 1
#define HAVE_SYS_STAT_H 1
#define HAVE_STDLIB_H 1
#define HAVE_STRING_H 1
#define HAVE_MEMORY_H 1
#define HAVE_STRINGS_H 1
#define HAVE_INTTYPES_H 1
#define HAVE_STDINT_H 1
#define HAVE_UNISTD_H 1
#define HAVE_DLFCN_H 1
#define LT_OBJDIR ".libs/"

configure: exit 0
